Set-ItemProperty : Cannot find path 'HKLM:\Some\Path' because it does not exist.
At C:\Users\Madden\Desktop\_Personal_GitHub_Repos\STIG_Script\test_minimal.ps1:6 char:5
+     Set-ItemProperty -Path "HKLM:\Some\Path" -Name "Value" -Value 1
+     ~~~~~~~~~~~~~~~~~~~~~~~~~~~~~~~~~~~~~~~~~~~~~~~~~~~~~~~~~~~~~~~
    + CategoryInfo          : ObjectNotFound: (HKLM:\Some\Path:String) [Set-ItemProperty], ItemNotFoundException
    + FullyQualifiedErrorId : PathNotFound,Microsoft.PowerShell.Commands.SetItemPropertyCommand
 
Get-ItemProperty : Cannot find path 'HKLM:\Some\Path' because it does not exist.
At C:\Users\Madden\Desktop\_Personal_GitHub_Repos\STIG_Script\test_minimal.ps1:12 char:9
+         Get-ItemProperty -Path "HKLM:\Some\Path"
+         ~~~~~~~~~~~~~~~~~~~~~~~~~~~~~~~~~~~~~~~~
    + CategoryInfo          : ObjectNotFound: (HKLM:\Some\Path:String) [Get-ItemProperty], ItemNotFoundException
    + FullyQualifiedErrorId : PathNotFound,Microsoft.PowerShell.Commands.GetItemPropertyCommand
 
